  姝ｅ湪纭畾瑕佽繕鍘熺殑椤圭洰鈥?
E:\CodeRepository\SynologyDrive\RUINORERP\RUINORERP.PacketSpec\RUINORERP.PacketSpec.csproj : warning NU1701: 宸蹭娇鐢ㄢ€?NETFramework,Version=v4.6.1, .NETFramework,Version=v4.6.2, .NETFramework,Version=v4.7, .NETFramework,Version=v4.7.1, .NETFramework,Version=v4.7.2, .NETFramework,Version=v4.8, .NETFramework,Version=v4.8.1鈥濊€屼笉鏄」鐩洰鏍囨鏋垛€?NETStandard,Version=v2.0鈥濊繕鍘熷寘鈥淚vony.Core 1.1.1鈥濄€傛鍖呭彲鑳戒笌椤圭洰涓嶅畬鍏ㄥ吋瀹广€?[E:\CodeRepository\SynologyDrive\RUINORERP\RUINORERP.Business\RUINORERP.Business.csproj]
E:\CodeRepository\SynologyDrive\RUINORERP\HLH.Lib\HLH.Lib.csproj : warning NU1903: 鍖?"SharpZipLib" 1.2.0 鍏锋湁宸茬煡鐨?楂?涓ラ噸鎬ф紡娲烇紝https://github.com/advisories/GHSA-m22m-h4rf-pwq3 [E:\CodeRepository\SynologyDrive\RUINORERP\RUINORERP.Business\RUINORERP.Business.csproj]
E:\CodeRepository\SynologyDrive\RUINORERP\RUINORERP.PacketSpec\RUINORERP.PacketSpec.csproj : warning NU1701: 宸蹭娇鐢ㄢ€?NETFramework,Version=v4.6.1, .NETFramework,Version=v4.6.2, .NETFramework,Version=v4.7, .NETFramework,Version=v4.7.1, .NETFramework,Version=v4.7.2, .NETFramework,Version=v4.8, .NETFramework,Version=v4.8.1鈥濊€屼笉鏄」鐩洰鏍囨鏋垛€?NETStandard,Version=v2.0鈥濊繕鍘熷寘鈥淛umony.Core 3.0.18鈥濄€傛鍖呭彲鑳戒笌椤圭洰涓嶅畬鍏ㄥ吋瀹广€?[E:\CodeRepository\SynologyDrive\RUINORERP\RUINORERP.Business\RUINORERP.Business.csproj]
E:\CodeRepository\SynologyDrive\RUINORERP\HLH.Lib\HLH.Lib.csproj : warning NU1902: 鍖?"SharpZipLib" 1.2.0 鍏锋湁宸茬煡鐨?涓?涓ラ噸鎬ф紡娲烇紝https://github.com/advisories/GHSA-mm6g-mmq6-53ff [E:\CodeRepository\SynologyDrive\RUINORERP\RUINORERP.Business\RUINORERP.Business.csproj]
E:\CodeRepository\SynologyDrive\RUINORERP\RUINORERP.PacketSpec\RUINORERP.PacketSpec.csproj : warning NU1701: 宸蹭娇鐢ㄢ€?NETFramework,Version=v4.6.1, .NETFramework,Version=v4.6.2, .NETFramework,Version=v4.7, .NETFramework,Version=v4.7.1, .NETFramework,Version=v4.7.2, .NETFramework,Version=v4.8, .NETFramework,Version=v4.8.1鈥濊€屼笉鏄」鐩洰鏍囨鏋垛€?NETStandard,Version=v2.0鈥濊繕鍘熷寘鈥淪qlSugar 5.1.4.160鈥濄€傛鍖呭彲鑳戒笌椤圭洰涓嶅畬鍏ㄥ吋瀹广€?[E:\CodeRepository\SynologyDrive\RUINORERP\RUINORERP.Business\RUINORERP.Business.csproj]
  鎵€鏈夐」鐩潎鏄渶鏂扮殑锛屾棤娉曡繕鍘熴€?
E:\CodeRepository\SynologyDrive\RUINORERP\HLH.Lib\HLH.Lib.csproj : warning NU1903: 鍖?"SharpZipLib" 1.2.0 鍏锋湁宸茬煡鐨?楂?涓ラ噸鎬ф紡娲烇紝https://github.com/advisories/GHSA-m22m-h4rf-pwq3
E:\CodeRepository\SynologyDrive\RUINORERP\HLH.Lib\HLH.Lib.csproj : warning NU1902: 鍖?"SharpZipLib" 1.2.0 鍏锋湁宸茬煡鐨?涓?涓ラ噸鎬ф紡娲烇紝https://github.com/advisories/GHSA-mm6g-mmq6-53ff
  HLH.Lib -> E:\CodeRepository\SynologyDrive\RUINORERP\HLH.Lib\bin\Debug\net48\HLH.Lib.dll
  RUINORERP.Global -> E:\CodeRepository\SynologyDrive\RUINORERP\RUINORERP.Global\bin\Debug\net48\RUINORERP.Global.dll
  RUINORERP.Model -> E:\CodeRepository\SynologyDrive\RUINORERP\RUINORERP.Model\bin\Debug\net48\RUINORERP.Model.dll
E:\CodeRepository\SynologyDrive\RUINORERP\RUINORERP.PacketSpec\RUINORERP.PacketSpec.csproj : warning NU1701: 宸蹭娇鐢ㄢ€?NETFramework,Version=v4.6.1, .NETFramework,Version=v4.6.2, .NETFramework,Version=v4.7, .NETFramework,Version=v4.7.1, .NETFramework,Version=v4.7.2, .NETFramework,Version=v4.8, .NETFramework,Version=v4.8.1鈥濊€屼笉鏄」鐩洰鏍囨鏋垛€?NETStandard,Version=v2.0鈥濊繕鍘熷寘鈥淚vony.Core 1.1.1鈥濄€傛鍖呭彲鑳戒笌椤圭洰涓嶅畬鍏ㄥ吋瀹广€?
E:\CodeRepository\SynologyDrive\RUINORERP\RUINORERP.PacketSpec\RUINORERP.PacketSpec.csproj : warning NU1701: 宸蹭娇鐢ㄢ€?NETFramework,Version=v4.6.1, .NETFramework,Version=v4.6.2, .NETFramework,Version=v4.7, .NETFramework,Version=v4.7.1, .NETFramework,Version=v4.7.2, .NETFramework,Version=v4.8, .NETFramework,Version=v4.8.1鈥濊€屼笉鏄」鐩洰鏍囨鏋垛€?NETStandard,Version=v2.0鈥濊繕鍘熷寘鈥淛umony.Core 3.0.18鈥濄€傛鍖呭彲鑳戒笌椤圭洰涓嶅畬鍏ㄥ吋瀹广€?
E:\CodeRepository\SynologyDrive\RUINORERP\RUINORERP.PacketSpec\RUINORERP.PacketSpec.csproj : warning NU1701: 宸蹭娇鐢ㄢ€?NETFramework,Version=v4.6.1, .NETFramework,Version=v4.6.2, .NETFramework,Version=v4.7, .NETFramework,Version=v4.7.1, .NETFramework,Version=v4.7.2, .NETFramework,Version=v4.8, .NETFramework,Version=v4.8.1鈥濊€屼笉鏄」鐩洰鏍囨鏋垛€?NETStandard,Version=v2.0鈥濊繕鍘熷寘鈥淪qlSugar 5.1.4.160鈥濄€傛鍖呭彲鑳戒笌椤圭洰涓嶅畬鍏ㄥ吋瀹广€?
C:\Program Files\dotnet\sdk\9.0.308\Microsoft.Common.CurrentVersion.targets(1889,5): warning NU1702: 宸蹭娇鐢ㄢ€?NETFramework,Version=v4.8鈥濊€屼笉鏄」鐩洰鏍囨鏋垛€?NETStandard,Version=v2.0鈥濊В鏋?ProjectReference鈥淓:\CodeRepository\SynologyDrive\RUINORERP\RUINORERP.Common\RUINORERP.Common.csproj鈥濄€傛椤圭洰鍙兘涓庝綘鐨勯」鐩笉瀹屽叏鍏煎銆?[E:\CodeRepository\SynologyDrive\RUINORERP\RUINORERP.PacketSpec\RUINORERP.PacketSpec.csproj]
C:\Program Files\dotnet\sdk\9.0.308\Microsoft.Common.CurrentVersion.targets(1889,5): warning NU1702: 宸蹭娇鐢ㄢ€?NETFramework,Version=v4.8鈥濊€屼笉鏄」鐩洰鏍囨鏋垛€?NETStandard,Version=v2.0鈥濊В鏋?ProjectReference鈥淓:\CodeRepository\SynologyDrive\RUINORERP\RUINORERP.Model\RUINORERP.Model.csproj鈥濄€傛椤圭洰鍙兘涓庝綘鐨勯」鐩笉瀹屽叏鍏煎銆?[E:\CodeRepository\SynologyDrive\RUINORERP\RUINORERP.PacketSpec\RUINORERP.PacketSpec.csproj]
C:\Program Files\dotnet\sdk\9.0.308\Microsoft.Common.CurrentVersion.targets(1889,5): warning NU1702: 宸蹭娇鐢ㄢ€?NETFramework,Version=v4.8鈥濊€屼笉鏄」鐩洰鏍囨鏋垛€?NETStandard,Version=v2.0鈥濊В鏋?ProjectReference鈥淓:\CodeRepository\SynologyDrive\RUINORERP\HLH.Lib\HLH.Lib.csproj鈥濄€傛椤圭洰鍙兘涓庝綘鐨勯」鐩笉瀹屽叏鍏煎銆?[E:\CodeRepository\SynologyDrive\RUINORERP\RUINORERP.PacketSpec\RUINORERP.PacketSpec.csproj]
C:\Program Files\dotnet\sdk\9.0.308\Microsoft.Common.CurrentVersion.targets(1889,5): warning NU1702: 宸蹭娇鐢ㄢ€?NETFramework,Version=v4.8鈥濊€屼笉鏄」鐩洰鏍囨鏋垛€?NETStandard,Version=v2.0鈥濊В鏋?ProjectReference鈥淓:\CodeRepository\SynologyDrive\RUINORERP\RUINORERP.Global\RUINORERP.Global.csproj鈥濄€傛椤圭洰鍙兘涓庝綘鐨勯」鐩笉瀹屽叏鍏煎銆?[E:\CodeRepository\SynologyDrive\RUINORERP\RUINORERP.PacketSpec\RUINORERP.PacketSpec.csproj]
  RUINORERP.Common -> E:\CodeRepository\SynologyDrive\RUINORERP\RUINORERP.Common\bin\Debug\net48\RUINORERP.Common.dll
C:\Program Files\dotnet\sdk\9.0.308\Microsoft.Common.CurrentVersion.targets(2433,5): warning MSB3277: 鍙戠幇鏃犳硶瑙ｆ瀽鐨勨€淢icrosoft.Extensions.Configuration.Binder鈥濈殑涓嶅悓鐗堟湰涔嬮棿瀛樺湪鍐茬獊銆?[E:\CodeRepository\SynologyDrive\RUINORERP\RUINORERP.PacketSpec\RUINORERP.PacketSpec.csproj]
C:\Program Files\dotnet\sdk\9.0.308\Microsoft.Common.CurrentVersion.targets(2433,5): warning MSB3277: 鈥淢icrosoft.Extensions.Configuration.Binder, Version=7.0.0.0, Culture=neutral, PublicKeyToken=adb9793829ddae60鈥濅笌鈥淢icrosoft.Extensions.Configuration.Binder, Version=7.0.0.2, Culture=neutral, PublicKeyToken=adb9793829ddae60鈥濅箣闂村瓨鍦ㄥ啿绐併€?[E:\CodeRepository\SynologyDrive\RUINORERP\RUINORERP.PacketSpec\RUINORERP.PacketSpec.csproj]
C:\Program Files\dotnet\sdk\9.0.308\Microsoft.Common.CurrentVersion.targets(2433,5): warning MSB3277:     宸查€夋嫨鈥淢icrosoft.Extensions.Configuration.Binder, Version=7.0.0.0, Culture=neutral, PublicKeyToken=adb9793829ddae60鈥濓紝鍥犱负瀹冩槸涓荤増鏈€屸€淢icrosoft.Extensions.Configuration.Binder, Version=7.0.0.2, Culture=neutral, PublicKeyToken=adb9793829ddae60鈥濅笉鏄€?[E:\CodeRepository\SynologyDrive\RUINORERP\RUINORERP.PacketSpec\RUINORERP.PacketSpec.csproj]
C:\Program Files\dotnet\sdk\9.0.308\Microsoft.Common.CurrentVersion.targets(2433,5): warning MSB3277:     渚濊禆浜庘€淢icrosoft.Extensions.Configuration.Binder, Version=7.0.0.0, Culture=neutral, PublicKeyToken=adb9793829ddae60鈥漑C:\Users\Administrator\.nuget\packages\microsoft.extensions.configuration.binder\7.0.2\lib\netstandard2.0\Microsoft.Extensions.Configuration.Binder.dll]鐨勫紩鐢ㄣ€?[E:\CodeRepository\SynologyDrive\RUINORERP\RUINORERP.PacketSpec\RUINORERP.PacketSpec.csproj]
C:\Program Files\dotnet\sdk\9.0.308\Microsoft.Common.CurrentVersion.targets(2433,5): warning MSB3277:         C:\Users\Administrator\.nuget\packages\microsoft.extensions.configuration.binder\7.0.2\lib\netstandard2.0\Microsoft.Extensions.Configuration.Binder.dll [E:\CodeRepository\SynologyDrive\RUINORERP\RUINORERP.PacketSpec\RUINORERP.PacketSpec.csproj]
C:\Program Files\dotnet\sdk\9.0.308\Microsoft.Common.CurrentVersion.targets(2433,5): warning MSB3277:           瀵艰嚧寮曠敤鈥淐:\Users\Administrator\.nuget\packages\microsoft.extensions.configuration.binder\7.0.2\lib\netstandard2.0\Microsoft.Extensions.Configuration.Binder.dll鈥濈殑椤圭洰鏂囦欢椤?Include 鐗规€с€?[E:\CodeRepository\SynologyDrive\RUINORERP\RUINORERP.PacketSpec\RUINORERP.PacketSpec.csproj]
C:\Program Files\dotnet\sdk\9.0.308\Microsoft.Common.CurrentVersion.targets(2433,5): warning MSB3277:             C:\Users\Administrator\.nuget\packages\microsoft.extensions.configuration.binder\7.0.2\lib\netstandard2.0\Microsoft.Extensions.Configuration.Binder.dll [E:\CodeRepository\SynologyDrive\RUINORERP\RUINORERP.PacketSpec\RUINORERP.PacketSpec.csproj]
C:\Program Files\dotnet\sdk\9.0.308\Microsoft.Common.CurrentVersion.targets(2433,5): warning MSB3277:     渚濊禆浜庢垨宸茬粺涓€鍒扳€淢icrosoft.Extensions.Configuration.Binder, Version=7.0.0.2, Culture=neutral, PublicKeyToken=adb9793829ddae60鈥漑] 鐨勫紩鐢ㄣ€?[E:\CodeRepository\SynologyDrive\RUINORERP\RUINORERP.PacketSpec\RUINORERP.PacketSpec.csproj]
C:\Program Files\dotnet\sdk\9.0.308\Microsoft.Common.CurrentVersion.targets(2433,5): warning MSB3277:         E:\CodeRepository\SynologyDrive\RUINORERP\RUINORERP.Common\bin\Debug\net48\RUINORERP.Common.dll [E:\CodeRepository\SynologyDrive\RUINORERP\RUINORERP.PacketSpec\RUINORERP.PacketSpec.csproj]
C:\Program Files\dotnet\sdk\9.0.308\Microsoft.Common.CurrentVersion.targets(2433,5): warning MSB3277:           瀵艰嚧寮曠敤鈥淓:\CodeRepository\SynologyDrive\RUINORERP\RUINORERP.Common\bin\Debug\net48\RUINORERP.Common.dll鈥濈殑椤圭洰鏂囦欢椤?Include 鐗规€с€?[E:\CodeRepository\SynologyDrive\RUINORERP\RUINORERP.PacketSpec\RUINORERP.PacketSpec.csproj]
C:\Program Files\dotnet\sdk\9.0.308\Microsoft.Common.CurrentVersion.targets(2433,5): warning MSB3277:             E:\CodeRepository\SynologyDrive\RUINORERP\RUINORERP.Common\bin\Debug\net48\RUINORERP.Common.dll [E:\CodeRepository\SynologyDrive\RUINORERP\RUINORERP.PacketSpec\RUINORERP.PacketSpec.csproj]
C:\Program Files\dotnet\sdk\9.0.308\Microsoft.Common.CurrentVersion.targets(2433,5): warning MSB3277: 鍙戠幇鏃犳硶瑙ｆ瀽鐨勨€淪ystem.Text.Json鈥濈殑涓嶅悓鐗堟湰涔嬮棿瀛樺湪鍐茬獊銆?[E:\CodeRepository\SynologyDrive\RUINORERP\RUINORERP.PacketSpec\RUINORERP.PacketSpec.csproj]
C:\Program Files\dotnet\sdk\9.0.308\Microsoft.Common.CurrentVersion.targets(2433,5): warning MSB3277: 鈥淪ystem.Text.Json, Version=8.0.0.0, Culture=neutral, PublicKeyToken=cc7b13ffcd2ddd51鈥濅笌鈥淪ystem.Text.Json, Version=8.0.0.4, Culture=neutral, PublicKeyToken=cc7b13ffcd2ddd51鈥濅箣闂村瓨鍦ㄥ啿绐併€?[E:\CodeRepository\SynologyDrive\RUINORERP\RUINORERP.PacketSpec\RUINORERP.PacketSpec.csproj]
C:\Program Files\dotnet\sdk\9.0.308\Microsoft.Common.CurrentVersion.targets(2433,5): warning MSB3277:     宸查€夋嫨鈥淪ystem.Text.Json, Version=8.0.0.0, Culture=neutral, PublicKeyToken=cc7b13ffcd2ddd51鈥濓紝鍥犱负瀹冩槸涓荤増鏈€屸€淪ystem.Text.Json, Version=8.0.0.4, Culture=neutral, PublicKeyToken=cc7b13ffcd2ddd51鈥濅笉鏄€?[E:\CodeRepository\SynologyDrive\RUINORERP\RUINORERP.PacketSpec\RUINORERP.PacketSpec.csproj]
C:\Program Files\dotnet\sdk\9.0.308\Microsoft.Common.CurrentVersion.targets(2433,5): warning MSB3277:     渚濊禆浜庘€淪ystem.Text.Json, Version=8.0.0.0, Culture=neutral, PublicKeyToken=cc7b13ffcd2ddd51鈥漑C:\Users\Administrator\.nuget\packages\system.text.json\8.0.4\lib\netstandard2.0\System.Text.Json.dll]鐨勫紩鐢ㄣ€?[E:\CodeRepository\SynologyDrive\RUINORERP\RUINORERP.PacketSpec\RUINORERP.PacketSpec.csproj]
C:\Program Files\dotnet\sdk\9.0.308\Microsoft.Common.CurrentVersion.targets(2433,5): warning MSB3277:         C:\Users\Administrator\.nuget\packages\system.text.json\8.0.4\lib\netstandard2.0\System.Text.Json.dll [E:\CodeRepository\SynologyDrive\RUINORERP\RUINORERP.PacketSpec\RUINORERP.PacketSpec.csproj]
C:\Program Files\dotnet\sdk\9.0.308\Microsoft.Common.CurrentVersion.targets(2433,5): warning MSB3277:           瀵艰嚧寮曠敤鈥淐:\Users\Administrator\.nuget\packages\system.text.json\8.0.4\lib\netstandard2.0\System.Text.Json.dll鈥濈殑椤圭洰鏂囦欢椤?Include 鐗规€с€?[E:\CodeRepository\SynologyDrive\RUINORERP\RUINORERP.PacketSpec\RUINORERP.PacketSpec.csproj]
C:\Program Files\dotnet\sdk\9.0.308\Microsoft.Common.CurrentVersion.targets(2433,5): warning MSB3277:             C:\Users\Administrator\.nuget\packages\system.text.json\8.0.4\lib\netstandard2.0\System.Text.Json.dll [E:\CodeRepository\SynologyDrive\RUINORERP\RUINORERP.PacketSpec\RUINORERP.PacketSpec.csproj]
C:\Program Files\dotnet\sdk\9.0.308\Microsoft.Common.CurrentVersion.targets(2433,5): warning MSB3277:     渚濊禆浜庢垨宸茬粺涓€鍒扳€淪ystem.Text.Json, Version=8.0.0.4, Culture=neutral, PublicKeyToken=cc7b13ffcd2ddd51鈥漑] 鐨勫紩鐢ㄣ€?[E:\CodeRepository\SynologyDrive\RUINORERP\RUINORERP.PacketSpec\RUINORERP.PacketSpec.csproj]
C:\Program Files\dotnet\sdk\9.0.308\Microsoft.Common.CurrentVersion.targets(2433,5): warning MSB3277:         E:\CodeRepository\SynologyDrive\RUINORERP\RUINORERP.Common\bin\Debug\net48\RUINORERP.Common.dll [E:\CodeRepository\SynologyDrive\RUINORERP\RUINORERP.PacketSpec\RUINORERP.PacketSpec.csproj]
C:\Program Files\dotnet\sdk\9.0.308\Microsoft.Common.CurrentVersion.targets(2433,5): warning MSB3277:           瀵艰嚧寮曠敤鈥淓:\CodeRepository\SynologyDrive\RUINORERP\RUINORERP.Common\bin\Debug\net48\RUINORERP.Common.dll鈥濈殑椤圭洰鏂囦欢椤?Include 鐗规€с€?[E:\CodeRepository\SynologyDrive\RUINORERP\RUINORERP.PacketSpec\RUINORERP.PacketSpec.csproj]
C:\Program Files\dotnet\sdk\9.0.308\Microsoft.Common.CurrentVersion.targets(2433,5): warning MSB3277:             E:\CodeRepository\SynologyDrive\RUINORERP\RUINORERP.Common\bin\Debug\net48\RUINORERP.Common.dll [E:\CodeRepository\SynologyDrive\RUINORERP\RUINORERP.PacketSpec\RUINORERP.PacketSpec.csproj]
  RUINORERP.PacketSpec -> E:\CodeRepository\SynologyDrive\RUINORERP\RUINORERP.PacketSpec\bin\Debug\netstandard2.0\RUINORERP.PacketSpec.dll
  RUINORERP.IServices -> E:\CodeRepository\SynologyDrive\RUINORERP\RUINORERP.IServices\bin\Debug\net48\RUINORERP.IServices.dll
  RUINORERP.Repository -> E:\CodeRepository\SynologyDrive\RUINORERP\RUINORERP.Repository\bin\Debug\net48\RUINORERP.Repository.dll
  RUINORERP.Services -> E:\CodeRepository\SynologyDrive\RUINORERP\RUINORERP.Services\bin\Debug\net48\RUINORERP.Services.dll
  RUINORERP.Extensions -> E:\CodeRepository\SynologyDrive\RUINORERP\RUINORERP.Extensions\bin\Debug\net48\RUINORERP.Extensions.dll
  RUINORERP.Business -> E:\CodeRepository\SynologyDrive\RUINORERP\RUINORERP.Business\bin\Debug\net48\RUINORERP.Business.dll

宸叉垚鍔熺敓鎴愩€?

E:\CodeRepository\SynologyDrive\RUINORERP\RUINORERP.PacketSpec\RUINORERP.PacketSpec.csproj : warning NU1701: 宸蹭娇鐢ㄢ€?NETFramework,Version=v4.6.1, .NETFramework,Version=v4.6.2, .NETFramework,Version=v4.7, .NETFramework,Version=v4.7.1, .NETFramework,Version=v4.7.2, .NETFramework,Version=v4.8, .NETFramework,Version=v4.8.1鈥濊€屼笉鏄」鐩洰鏍囨鏋垛€?NETStandard,Version=v2.0鈥濊繕鍘熷寘鈥淚vony.Core 1.1.1鈥濄€傛鍖呭彲鑳戒笌椤圭洰涓嶅畬鍏ㄥ吋瀹广€?[E:\CodeRepository\SynologyDrive\RUINORERP\RUINORERP.Business\RUINORERP.Business.csproj]
E:\CodeRepository\SynologyDrive\RUINORERP\HLH.Lib\HLH.Lib.csproj : warning NU1903: 鍖?"SharpZipLib" 1.2.0 鍏锋湁宸茬煡鐨?楂?涓ラ噸鎬ф紡娲烇紝https://github.com/advisories/GHSA-m22m-h4rf-pwq3 [E:\CodeRepository\SynologyDrive\RUINORERP\RUINORERP.Business\RUINORERP.Business.csproj]
E:\CodeRepository\SynologyDrive\RUINORERP\RUINORERP.PacketSpec\RUINORERP.PacketSpec.csproj : warning NU1701: 宸蹭娇鐢ㄢ€?NETFramework,Version=v4.6.1, .NETFramework,Version=v4.6.2, .NETFramework,Version=v4.7, .NETFramework,Version=v4.7.1, .NETFramework,Version=v4.7.2, .NETFramework,Version=v4.8, .NETFramework,Version=v4.8.1鈥濊€屼笉鏄」鐩洰鏍囨鏋垛€?NETStandard,Version=v2.0鈥濊繕鍘熷寘鈥淛umony.Core 3.0.18鈥濄€傛鍖呭彲鑳戒笌椤圭洰涓嶅畬鍏ㄥ吋瀹广€?[E:\CodeRepository\SynologyDrive\RUINORERP\RUINORERP.Business\RUINORERP.Business.csproj]
E:\CodeRepository\SynologyDrive\RUINORERP\HLH.Lib\HLH.Lib.csproj : warning NU1902: 鍖?"SharpZipLib" 1.2.0 鍏锋湁宸茬煡鐨?涓?涓ラ噸鎬ф紡娲烇紝https://github.com/advisories/GHSA-mm6g-mmq6-53ff [E:\CodeRepository\SynologyDrive\RUINORERP\RUINORERP.Business\RUINORERP.Business.csproj]
E:\CodeRepository\SynologyDrive\RUINORERP\RUINORERP.PacketSpec\RUINORERP.PacketSpec.csproj : warning NU1701: 宸蹭娇鐢ㄢ€?NETFramework,Version=v4.6.1, .NETFramework,Version=v4.6.2, .NETFramework,Version=v4.7, .NETFramework,Version=v4.7.1, .NETFramework,Version=v4.7.2, .NETFramework,Version=v4.8, .NETFramework,Version=v4.8.1鈥濊€屼笉鏄」鐩洰鏍囨鏋垛€?NETStandard,Version=v2.0鈥濊繕鍘熷寘鈥淪qlSugar 5.1.4.160鈥濄€傛鍖呭彲鑳戒笌椤圭洰涓嶅畬鍏ㄥ吋瀹广€?[E:\CodeRepository\SynologyDrive\RUINORERP\RUINORERP.Business\RUINORERP.Business.csproj]
E:\CodeRepository\SynologyDrive\RUINORERP\HLH.Lib\HLH.Lib.csproj : warning NU1903: 鍖?"SharpZipLib" 1.2.0 鍏锋湁宸茬煡鐨?楂?涓ラ噸鎬ф紡娲烇紝https://github.com/advisories/GHSA-m22m-h4rf-pwq3
E:\CodeRepository\SynologyDrive\RUINORERP\HLH.Lib\HLH.Lib.csproj : warning NU1902: 鍖?"SharpZipLib" 1.2.0 鍏锋湁宸茬煡鐨?涓?涓ラ噸鎬ф紡娲烇紝https://github.com/advisories/GHSA-mm6g-mmq6-53ff
E:\CodeRepository\SynologyDrive\RUINORERP\RUINORERP.PacketSpec\RUINORERP.PacketSpec.csproj : warning NU1701: 宸蹭娇鐢ㄢ€?NETFramework,Version=v4.6.1, .NETFramework,Version=v4.6.2, .NETFramework,Version=v4.7, .NETFramework,Version=v4.7.1, .NETFramework,Version=v4.7.2, .NETFramework,Version=v4.8, .NETFramework,Version=v4.8.1鈥濊€屼笉鏄」鐩洰鏍囨鏋垛€?NETStandard,Version=v2.0鈥濊繕鍘熷寘鈥淚vony.Core 1.1.1鈥濄€傛鍖呭彲鑳戒笌椤圭洰涓嶅畬鍏ㄥ吋瀹广€?
E:\CodeRepository\SynologyDrive\RUINORERP\RUINORERP.PacketSpec\RUINORERP.PacketSpec.csproj : warning NU1701: 宸蹭娇鐢ㄢ€?NETFramework,Version=v4.6.1, .NETFramework,Version=v4.6.2, .NETFramework,Version=v4.7, .NETFramework,Version=v4.7.1, .NETFramework,Version=v4.7.2, .NETFramework,Version=v4.8, .NETFramework,Version=v4.8.1鈥濊€屼笉鏄」鐩洰鏍囨鏋垛€?NETStandard,Version=v2.0鈥濊繕鍘熷寘鈥淛umony.Core 3.0.18鈥濄€傛鍖呭彲鑳戒笌椤圭洰涓嶅畬鍏ㄥ吋瀹广€?
E:\CodeRepository\SynologyDrive\RUINORERP\RUINORERP.PacketSpec\RUINORERP.PacketSpec.csproj : warning NU1701: 宸蹭娇鐢ㄢ€?NETFramework,Version=v4.6.1, .NETFramework,Version=v4.6.2, .NETFramework,Version=v4.7, .NETFramework,Version=v4.7.1, .NETFramework,Version=v4.7.2, .NETFramework,Version=v4.8, .NETFramework,Version=v4.8.1鈥濊€屼笉鏄」鐩洰鏍囨鏋垛€?NETStandard,Version=v2.0鈥濊繕鍘熷寘鈥淪qlSugar 5.1.4.160鈥濄€傛鍖呭彲鑳戒笌椤圭洰涓嶅畬鍏ㄥ吋瀹广€?
C:\Program Files\dotnet\sdk\9.0.308\Microsoft.Common.CurrentVersion.targets(1889,5): warning NU1702: 宸蹭娇鐢ㄢ€?NETFramework,Version=v4.8鈥濊€屼笉鏄」鐩洰鏍囨鏋垛€?NETStandard,Version=v2.0鈥濊В鏋?ProjectReference鈥淓:\CodeRepository\SynologyDrive\RUINORERP\RUINORERP.Common\RUINORERP.Common.csproj鈥濄€傛椤圭洰鍙兘涓庝綘鐨勯」鐩笉瀹屽叏鍏煎銆?[E:\CodeRepository\SynologyDrive\RUINORERP\RUINORERP.PacketSpec\RUINORERP.PacketSpec.csproj]
C:\Program Files\dotnet\sdk\9.0.308\Microsoft.Common.CurrentVersion.targets(1889,5): warning NU1702: 宸蹭娇鐢ㄢ€?NETFramework,Version=v4.8鈥濊€屼笉鏄」鐩洰鏍囨鏋垛€?NETStandard,Version=v2.0鈥濊В鏋?ProjectReference鈥淓:\CodeRepository\SynologyDrive\RUINORERP\RUINORERP.Model\RUINORERP.Model.csproj鈥濄€傛椤圭洰鍙兘涓庝綘鐨勯」鐩笉瀹屽叏鍏煎銆?[E:\CodeRepository\SynologyDrive\RUINORERP\RUINORERP.PacketSpec\RUINORERP.PacketSpec.csproj]
C:\Program Files\dotnet\sdk\9.0.308\Microsoft.Common.CurrentVersion.targets(1889,5): warning NU1702: 宸蹭娇鐢ㄢ€?NETFramework,Version=v4.8鈥濊€屼笉鏄」鐩洰鏍囨鏋垛€?NETStandard,Version=v2.0鈥濊В鏋?ProjectReference鈥淓:\CodeRepository\SynologyDrive\RUINORERP\HLH.Lib\HLH.Lib.csproj鈥濄€傛椤圭洰鍙兘涓庝綘鐨勯」鐩笉瀹屽叏鍏煎銆?[E:\CodeRepository\SynologyDrive\RUINORERP\RUINORERP.PacketSpec\RUINORERP.PacketSpec.csproj]
C:\Program Files\dotnet\sdk\9.0.308\Microsoft.Common.CurrentVersion.targets(1889,5): warning NU1702: 宸蹭娇鐢ㄢ€?NETFramework,Version=v4.8鈥濊€屼笉鏄」鐩洰鏍囨鏋垛€?NETStandard,Version=v2.0鈥濊В鏋?ProjectReference鈥淓:\CodeRepository\SynologyDrive\RUINORERP\RUINORERP.Global\RUINORERP.Global.csproj鈥濄€傛椤圭洰鍙兘涓庝綘鐨勯」鐩笉瀹屽叏鍏煎銆?[E:\CodeRepository\SynologyDrive\RUINORERP\RUINORERP.PacketSpec\RUINORERP.PacketSpec.csproj]
C:\Program Files\dotnet\sdk\9.0.308\Microsoft.Common.CurrentVersion.targets(2433,5): warning MSB3277: 鍙戠幇鏃犳硶瑙ｆ瀽鐨勨€淢icrosoft.Extensions.Configuration.Binder鈥濈殑涓嶅悓鐗堟湰涔嬮棿瀛樺湪鍐茬獊銆?[E:\CodeRepository\SynologyDrive\RUINORERP\RUINORERP.PacketSpec\RUINORERP.PacketSpec.csproj]
C:\Program Files\dotnet\sdk\9.0.308\Microsoft.Common.CurrentVersion.targets(2433,5): warning MSB3277: 鈥淢icrosoft.Extensions.Configuration.Binder, Version=7.0.0.0, Culture=neutral, PublicKeyToken=adb9793829ddae60鈥濅笌鈥淢icrosoft.Extensions.Configuration.Binder, Version=7.0.0.2, Culture=neutral, PublicKeyToken=adb9793829ddae60鈥濅箣闂村瓨鍦ㄥ啿绐併€?[E:\CodeRepository\SynologyDrive\RUINORERP\RUINORERP.PacketSpec\RUINORERP.PacketSpec.csproj]
C:\Program Files\dotnet\sdk\9.0.308\Microsoft.Common.CurrentVersion.targets(2433,5): warning MSB3277:     宸查€夋嫨鈥淢icrosoft.Extensions.Configuration.Binder, Version=7.0.0.0, Culture=neutral, PublicKeyToken=adb9793829ddae60鈥濓紝鍥犱负瀹冩槸涓荤増鏈€屸€淢icrosoft.Extensions.Configuration.Binder, Version=7.0.0.2, Culture=neutral, PublicKeyToken=adb9793829ddae60鈥濅笉鏄€?[E:\CodeRepository\SynologyDrive\RUINORERP\RUINORERP.PacketSpec\RUINORERP.PacketSpec.csproj]
C:\Program Files\dotnet\sdk\9.0.308\Microsoft.Common.CurrentVersion.targets(2433,5): warning MSB3277:     渚濊禆浜庘€淢icrosoft.Extensions.Configuration.Binder, Version=7.0.0.0, Culture=neutral, PublicKeyToken=adb9793829ddae60鈥漑C:\Users\Administrator\.nuget\packages\microsoft.extensions.configuration.binder\7.0.2\lib\netstandard2.0\Microsoft.Extensions.Configuration.Binder.dll]鐨勫紩鐢ㄣ€?[E:\CodeRepository\SynologyDrive\RUINORERP\RUINORERP.PacketSpec\RUINORERP.PacketSpec.csproj]
C:\Program Files\dotnet\sdk\9.0.308\Microsoft.Common.CurrentVersion.targets(2433,5): warning MSB3277:         C:\Users\Administrator\.nuget\packages\microsoft.extensions.configuration.binder\7.0.2\lib\netstandard2.0\Microsoft.Extensions.Configuration.Binder.dll [E:\CodeRepository\SynologyDrive\RUINORERP\RUINORERP.PacketSpec\RUINORERP.PacketSpec.csproj]
C:\Program Files\dotnet\sdk\9.0.308\Microsoft.Common.CurrentVersion.targets(2433,5): warning MSB3277:           瀵艰嚧寮曠敤鈥淐:\Users\Administrator\.nuget\packages\microsoft.extensions.configuration.binder\7.0.2\lib\netstandard2.0\Microsoft.Extensions.Configuration.Binder.dll鈥濈殑椤圭洰鏂囦欢椤?Include 鐗规€с€?[E:\CodeRepository\SynologyDrive\RUINORERP\RUINORERP.PacketSpec\RUINORERP.PacketSpec.csproj]
C:\Program Files\dotnet\sdk\9.0.308\Microsoft.Common.CurrentVersion.targets(2433,5): warning MSB3277:             C:\Users\Administrator\.nuget\packages\microsoft.extensions.configuration.binder\7.0.2\lib\netstandard2.0\Microsoft.Extensions.Configuration.Binder.dll [E:\CodeRepository\SynologyDrive\RUINORERP\RUINORERP.PacketSpec\RUINORERP.PacketSpec.csproj]
C:\Program Files\dotnet\sdk\9.0.308\Microsoft.Common.CurrentVersion.targets(2433,5): warning MSB3277:     渚濊禆浜庢垨宸茬粺涓€鍒扳€淢icrosoft.Extensions.Configuration.Binder, Version=7.0.0.2, Culture=neutral, PublicKeyToken=adb9793829ddae60鈥漑] 鐨勫紩鐢ㄣ€?[E:\CodeRepository\SynologyDrive\RUINORERP\RUINORERP.PacketSpec\RUINORERP.PacketSpec.csproj]
C:\Program Files\dotnet\sdk\9.0.308\Microsoft.Common.CurrentVersion.targets(2433,5): warning MSB3277:         E:\CodeRepository\SynologyDrive\RUINORERP\RUINORERP.Common\bin\Debug\net48\RUINORERP.Common.dll [E:\CodeRepository\SynologyDrive\RUINORERP\RUINORERP.PacketSpec\RUINORERP.PacketSpec.csproj]
C:\Program Files\dotnet\sdk\9.0.308\Microsoft.Common.CurrentVersion.targets(2433,5): warning MSB3277:           瀵艰嚧寮曠敤鈥淓:\CodeRepository\SynologyDrive\RUINORERP\RUINORERP.Common\bin\Debug\net48\RUINORERP.Common.dll鈥濈殑椤圭洰鏂囦欢椤?Include 鐗规€с€?[E:\CodeRepository\SynologyDrive\RUINORERP\RUINORERP.PacketSpec\RUINORERP.PacketSpec.csproj]
C:\Program Files\dotnet\sdk\9.0.308\Microsoft.Common.CurrentVersion.targets(2433,5): warning MSB3277:             E:\CodeRepository\SynologyDrive\RUINORERP\RUINORERP.Common\bin\Debug\net48\RUINORERP.Common.dll [E:\CodeRepository\SynologyDrive\RUINORERP\RUINORERP.PacketSpec\RUINORERP.PacketSpec.csproj]
C:\Program Files\dotnet\sdk\9.0.308\Microsoft.Common.CurrentVersion.targets(2433,5): warning MSB3277: 鍙戠幇鏃犳硶瑙ｆ瀽鐨勨€淪ystem.Text.Json鈥濈殑涓嶅悓鐗堟湰涔嬮棿瀛樺湪鍐茬獊銆?[E:\CodeRepository\SynologyDrive\RUINORERP\RUINORERP.PacketSpec\RUINORERP.PacketSpec.csproj]
C:\Program Files\dotnet\sdk\9.0.308\Microsoft.Common.CurrentVersion.targets(2433,5): warning MSB3277: 鈥淪ystem.Text.Json, Version=8.0.0.0, Culture=neutral, PublicKeyToken=cc7b13ffcd2ddd51鈥濅笌鈥淪ystem.Text.Json, Version=8.0.0.4, Culture=neutral, PublicKeyToken=cc7b13ffcd2ddd51鈥濅箣闂村瓨鍦ㄥ啿绐併€?[E:\CodeRepository\SynologyDrive\RUINORERP\RUINORERP.PacketSpec\RUINORERP.PacketSpec.csproj]
C:\Program Files\dotnet\sdk\9.0.308\Microsoft.Common.CurrentVersion.targets(2433,5): warning MSB3277:     宸查€夋嫨鈥淪ystem.Text.Json, Version=8.0.0.0, Culture=neutral, PublicKeyToken=cc7b13ffcd2ddd51鈥濓紝鍥犱负瀹冩槸涓荤増鏈€屸€淪ystem.Text.Json, Version=8.0.0.4, Culture=neutral, PublicKeyToken=cc7b13ffcd2ddd51鈥濅笉鏄€?[E:\CodeRepository\SynologyDrive\RUINORERP\RUINORERP.PacketSpec\RUINORERP.PacketSpec.csproj]
C:\Program Files\dotnet\sdk\9.0.308\Microsoft.Common.CurrentVersion.targets(2433,5): warning MSB3277:     渚濊禆浜庘€淪ystem.Text.Json, Version=8.0.0.0, Culture=neutral, PublicKeyToken=cc7b13ffcd2ddd51鈥漑C:\Users\Administrator\.nuget\packages\system.text.json\8.0.4\lib\netstandard2.0\System.Text.Json.dll]鐨勫紩鐢ㄣ€?[E:\CodeRepository\SynologyDrive\RUINORERP\RUINORERP.PacketSpec\RUINORERP.PacketSpec.csproj]
C:\Program Files\dotnet\sdk\9.0.308\Microsoft.Common.CurrentVersion.targets(2433,5): warning MSB3277:         C:\Users\Administrator\.nuget\packages\system.text.json\8.0.4\lib\netstandard2.0\System.Text.Json.dll [E:\CodeRepository\SynologyDrive\RUINORERP\RUINORERP.PacketSpec\RUINORERP.PacketSpec.csproj]
C:\Program Files\dotnet\sdk\9.0.308\Microsoft.Common.CurrentVersion.targets(2433,5): warning MSB3277:           瀵艰嚧寮曠敤鈥淐:\Users\Administrator\.nuget\packages\system.text.json\8.0.4\lib\netstandard2.0\System.Text.Json.dll鈥濈殑椤圭洰鏂囦欢椤?Include 鐗规€с€?[E:\CodeRepository\SynologyDrive\RUINORERP\RUINORERP.PacketSpec\RUINORERP.PacketSpec.csproj]
C:\Program Files\dotnet\sdk\9.0.308\Microsoft.Common.CurrentVersion.targets(2433,5): warning MSB3277:             C:\Users\Administrator\.nuget\packages\system.text.json\8.0.4\lib\netstandard2.0\System.Text.Json.dll [E:\CodeRepository\SynologyDrive\RUINORERP\RUINORERP.PacketSpec\RUINORERP.PacketSpec.csproj]
C:\Program Files\dotnet\sdk\9.0.308\Microsoft.Common.CurrentVersion.targets(2433,5): warning MSB3277:     渚濊禆浜庢垨宸茬粺涓€鍒扳€淪ystem.Text.Json, Version=8.0.0.4, Culture=neutral, PublicKeyToken=cc7b13ffcd2ddd51鈥漑] 鐨勫紩鐢ㄣ€?[E:\CodeRepository\SynologyDrive\RUINORERP\RUINORERP.PacketSpec\RUINORERP.PacketSpec.csproj]
C:\Program Files\dotnet\sdk\9.0.308\Microsoft.Common.CurrentVersion.targets(2433,5): warning MSB3277:         E:\CodeRepository\SynologyDrive\RUINORERP\RUINORERP.Common\bin\Debug\net48\RUINORERP.Common.dll [E:\CodeRepository\SynologyDrive\RUINORERP\RUINORERP.PacketSpec\RUINORERP.PacketSpec.csproj]
C:\Program Files\dotnet\sdk\9.0.308\Microsoft.Common.CurrentVersion.targets(2433,5): warning MSB3277:           瀵艰嚧寮曠敤鈥淓:\CodeRepository\SynologyDrive\RUINORERP\RUINORERP.Common\bin\Debug\net48\RUINORERP.Common.dll鈥濈殑椤圭洰鏂囦欢椤?Include 鐗规€с€?[E:\CodeRepository\SynologyDrive\RUINORERP\RUINORERP.PacketSpec\RUINORERP.PacketSpec.csproj]
C:\Program Files\dotnet\sdk\9.0.308\Microsoft.Common.CurrentVersion.targets(2433,5): warning MSB3277:             E:\CodeRepository\SynologyDrive\RUINORERP\RUINORERP.Common\bin\Debug\net48\RUINORERP.Common.dll [E:\CodeRepository\SynologyDrive\RUINORERP\RUINORERP.PacketSpec\RUINORERP.PacketSpec.csproj]
    16 涓鍛?
    0 涓敊璇?

宸茬敤鏃堕棿 00:00:02.67
